
> gtclicks@0.1.0 test
> jest app/api/photos/process/__tests__/route.test.js

  console.log
    [Process API] Created photo photo-1, starting processing...

      at log (app/api/photos/process/route.js:78:13)

  console.error
    Processing failed, rolling back photo creation Error: Processing failed
        at Object.<anonymous> (C:\Users\saull\gtclicks\app\api\photos\process\__tests__\route.test.js:42:44)
        at Promise.then.completed (C:\Users\saull\gtclicks\node_modules\jest-circus\build\utils.js:298:28)
        at new Promise (<anonymous>)
        at callAsyncCircusFn (C:\Users\saull\gtclicks\node_modules\jest-circus\build\utils.js:231:10)
        at _callCircusTest (C:\Users\saull\gtclicks\node_modules\jest-circus\build\run.js:316:40)
        at _runTest (C:\Users\saull\gtclicks\node_modules\jest-circus\build\run.js:252:3)
        at _runTestsForDescribeBlock (C:\Users\saull\gtclicks\node_modules\jest-circus\build\run.js:126:9)
        at _runTestsForDescribeBlock (C:\Users\saull\gtclicks\node_modules\jest-circus\build\run.js:121:9)
        at run (C:\Users\saull\gtclicks\node_modules\jest-circus\build\run.js:71:3)
        at runAndTransformResultsToJestFormat (C:\Users\saull\gtclicks\node_modules\jest-circus\build\legacy-code-todo-rewrite\jestAdapterInit.js:122:21)
        at jestAdapter (C:\Users\saull\gtclicks\node_modules\jest-circus\build\legacy-code-todo-rewrite\jestAdapter.js:79:19)
        at runTestInternal (C:\Users\saull\gtclicks\node_modules\jest-runner\build\runTest.js:367:16)
        at runTest (C:\Users\saull\gtclicks\node_modules\jest-runner\build\runTest.js:444:34)

    [0m [90m 88 |[39m       processResult [33m=[39m [36mawait[39m processUploadedImage(s3Key[33m,[39m foto[33m.[39mid)[33m;[39m
     [90m 89 |[39m     } [36mcatch[39m (procError) {
    [31m[1m>[22m[39m[90m 90 |[39m       console[33m.[39merror(
     [90m    |[39m               [31m[1m^[22m[39m
     [90m 91 |[39m         [32m"Processing failed, rolling back photo creation"[39m[33m,[39m
     [90m 92 |[39m         procError[33m,[39m
     [90m 93 |[39m       )[33m;[39m[0m

      at error (app/api/photos/process/route.js:90:15)
      at Object.<anonymous> (app/api/photos/process/__tests__/route.test.js:54:22)

  console.log
    [Process API] Rollback successful for photo photo-1

      at log (app/api/photos/process/route.js:102:17)

  console.log
    [Process API] Created photo photo-1, starting processing...

      at log (app/api/photos/process/route.js:78:13)

node.exe : FAIL app/api/photos/process/__tests__/route.test.js
No C:\nvm4w\nodejs\npm.ps1:29 caractere:3
+   & $NODE_EXE $NPM_CLI_JS $args
+   ~~~~~~~~~~~~~~~~~~~~~~~~~~~~~
    + CategoryInfo          : NotSpecified: (FAIL app/api/ph..._/route.test.js:String) [], RemoteException
    + FullyQualifiedErrorId : NativeCommandError
 
  POST /api/photos/process
    ÔêÜ should rollback creation if processing fails (40 ms)
    ├ù should complete successfully if processing works (7 ms)

  ÔùÅ POST /api/photos/process ÔÇ║ should complete successfully if processing works

    expect(jest.fn()).toHaveBeenCalledWith(...expected)

    - Expected
    + Received

      Object {
    -   "data": ObjectContaining {
    +   "data": Object {
    +     "previewUrl": "http://cdn/preview.jpg",
          "status": "PUBLICADA",
    +   },
    +   "include": Object {
    +     "colecao": Object {
    +       "select": Object {
    +         "faceRecognitionEnabled": true,
    +       },
    +     },
        },
        "where": Object {
          "id": "photo-1",
        },
      },

    Number of calls: 1

    [0m [90m 89 |[39m
     [90m 90 |[39m     expect(response[33m.[39mstatus)[33m.[39mtoBe([35m200[39m)[33m;[39m
    [31m[1m>[22m[39m[90m 91 |[39m     expect(prisma[33m.[39mfoto[33m.[39mupdate)[33m.[39mtoHaveBeenCalledWith({
     [90m    |[39m                                [31m[1m^[22m[39m
     [90m 92 |[39m       where[33m:[39m { id[33m:[39m [32m"photo-1"[39m }[33m,[39m
     [90m 93 |[39m       data[33m:[39m expect[33m.[39mobjectContaining({ status[33m:[39m [32m"PUBLICADA"[39m })[33m,[39m
     [90m 94 |[39m     })[33m;[39m[0m

      at Object.toHaveBeenCalledWith (app/api/photos/process/__tests__/route.test.js:91:32)

Test Suites: 1 failed, 1 total
Tests:       1 failed, 1 passed, 2 total
Snapshots:   0 total
Time:        0.976 s, estimated 1 s
Ran all test suites matching /app\\api\\photos\\process\\__tests__\\route.test.js/i.
